../Core/Src/main.c:72:5:main	32	static,ignoring_inline_asm
../Core/Src/main.c:132:6:SystemClock_Config	88	static
../Core/Src/main.c:179:13:MX_GPIO_Init	56	static
../Core/Src/main.c:319:6:switch_priority	4	static
../Core/Src/main.c:323:6:button_interrupt_handler	8	static
../Core/Src/main.c:329:13:task1_handler	16	static
../Core/Src/main.c:337:13:task2_handler	16	static
../Core/Src/main.c:355:6:HAL_TIM_PeriodElapsedCallback	16	static
../Core/Src/main.c:373:6:Error_Handler	4	static,ignoring_inline_asm
