../Core/Src/main.c:71:5:main	48	static,ignoring_inline_asm
../Core/Src/main.c:141:6:SystemClock_Config	88	static
../Core/Src/main.c:188:13:MX_GPIO_Init	56	static
../Core/Src/main.c:328:6:vApplicationIdleHook	8	static
../Core/Src/main.c:333:13:led_green_handler	24	static
../Core/Src/main.c:355:13:led_red_handler	24	static
../Core/Src/main.c:370:13:led_orange_handler	24	static
../Core/Src/main.c:395:6:HAL_TIM_PeriodElapsedCallback	16	static
../Core/Src/main.c:413:6:Error_Handler	4	static,ignoring_inline_asm
