19:38:23 **** Incremental Build of configuration Debug for project 003LED_Periodic_Tasks ****
make -j12 all 
arm-none-eabi-gcc "../Core/Src/main.c" -mcpu=cortex-m4 -std=gnu11 -g3 -DDEBUG -DUSE_HAL_DRIVER -DSTM32F407xx -c -I../Core/Inc -I../Drivers/STM32F4xx_HAL_Driver/Inc -I../Drivers/STM32F4xx_HAL_Driver/Inc/Legacy -I../Drivers/CMSIS/Device/ST/STM32F4xx/Include -I../Drivers/CMSIS/Include -I"C:/kisisel/embedded/udemy/freeRTOS/rtos_workspace/common/ThirdParty/FreeRTOS/include" -I"C:/kisisel/embedded/udemy/freeRTOS/rtos_workspace/common/ThirdParty/FreeRTOS/portable/GCC/ARM_CM4F" -I"C:/kisisel/embedded/udemy/freeRTOS/rtos_workspace/common/ThirdParty/SEGGER/Config" -I"C:/kisisel/embedded/udemy/freeRTOS/rtos_workspace/common/ThirdParty/SEGGER/OS" -I"C:/kisisel/embedded/udemy/freeRTOS/rtos_workspace/common/ThirdParty/SEGGER/SEGGER" -O0 -ffunction-sections -fdata-sections -Wall -fstack-usage -fcyclomatic-complexity -MMD -MP -MF"Core/Src/main.d" -MT"Core/Src/main.o" --specs=nano.specs -mfpu=fpv4-sp-d16 -mfloat-abi=hard -mthumb -o "Core/Src/main.o"
arm-none-eabi-gcc -o "003LED_Periodic_Tasks.elf" @"objects.list"   -mcpu=cortex-m4 -T"C:\kisisel\embedded\udemy\freeRTOS\rtos_workspace\003LED_Periodic_Tasks\STM32F407VGTX_FLASH.ld" --specs=nosys.specs -Wl,-Map="003LED_Periodic_Tasks.map" -Wl,--gc-sections -static --specs=nano.specs -mfpu=fpv4-sp-d16 -mfloat-abi=hard -mthumb -Wl,--start-group -lc -lm -Wl,--end-group
Finished building target: 003LED_Periodic_Tasks.elf
 
arm-none-eabi-size  003LED_Periodic_Tasks.elf 
arm-none-eabi-objdump -h -S 003LED_Periodic_Tasks.elf  > "003LED_Periodic_Tasks.list"
   text	   data	    bss	    dec	    hex	filename
  24684	     24	  84504	 109212	  1aa9c	003LED_Periodic_Tasks.elf
Finished building: default.size.stdout
 
Finished building: 003LED_Periodic_Tasks.list
 

19:38:24 Build Finished. 0 errors, 0 warnings. (took 949ms)

