17:34:51 **** Incremental Build of configuration Debug for project 007Task_Priority ****
make -j12 all 
arm-none-eabi-gcc "../Core/Src/main.c" -mcpu=cortex-m4 -std=gnu11 -g3 -DDEBUG -DUSE_HAL_DRIVER -DSTM32F407xx -c -I../Core/Inc -I../Drivers/STM32F4xx_HAL_Driver/Inc -I../Drivers/STM32F4xx_HAL_Driver/Inc/Legacy -I../Drivers/CMSIS/Device/ST/STM32F4xx/Include -I../Drivers/CMSIS/Include -I"C:/kisisel/embedded/udemy/freeRTOS/rtos_workspace/common/ThirdParty/FreeRTOS/include" -I"C:/kisisel/embedded/udemy/freeRTOS/rtos_workspace/common/ThirdParty/FreeRTOS/portable/GCC/ARM_CM4F" -I"C:/kisisel/embedded/udemy/freeRTOS/rtos_workspace/common/ThirdParty/SEGGER/Config" -I"C:/kisisel/embedded/udemy/freeRTOS/rtos_workspace/common/ThirdParty/SEGGER/OS" -I"C:/kisisel/embedded/udemy/freeRTOS/rtos_workspace/common/ThirdParty/SEGGER/SEGGER" -O0 -ffunction-sections -fdata-sections -Wall -fstack-usage -fcyclomatic-complexity -MMD -MP -MF"Core/Src/main.d" -MT"Core/Src/main.o" --specs=nano.specs -mfpu=fpv4-sp-d16 -mfloat-abi=hard -mthumb -o "Core/Src/main.o"
arm-none-eabi-gcc -o "007Task_Priority.elf" @"objects.list"   -mcpu=cortex-m4 -T"C:\kisisel\embedded\udemy\freeRTOS\rtos_workspace\007Task_Priority\STM32F407VGTX_FLASH.ld" --specs=nosys.specs -Wl,-Map="007Task_Priority.map" -Wl,--gc-sections -static --specs=nano.specs -mfpu=fpv4-sp-d16 -mfloat-abi=hard -mthumb -Wl,--start-group -lc -lm -Wl,--end-group
Finished building target: 007Task_Priority.elf
 
arm-none-eabi-size  007Task_Priority.elf 
arm-none-eabi-objdump -h -S 007Task_Priority.elf  > "007Task_Priority.list"
   text	   data	    bss	    dec	    hex	filename
  21444	     24	  84512	 105980	  19dfc	007Task_Priority.elf
Finished building: default.size.stdout
 
Finished building: 007Task_Priority.list
 

17:34:52 Build Finished. 0 errors, 0 warnings. (took 794ms)

