15:37:06 **** Incremental Build of configuration Debug for project LED_Tasks ****
make -j12 all 
arm-none-eabi-gcc "../Core/Src/main.c" -mcpu=cortex-m4 -std=gnu11 -g3 -DDEBUG -DUSE_HAL_DRIVER -DSTM32F407xx -c -I../Core/Inc -I../Drivers/STM32F4xx_HAL_Driver/Inc -I../Drivers/STM32F4xx_HAL_Driver/Inc/Legacy -I../Drivers/CMSIS/Device/ST/STM32F4xx/Include -I../Drivers/CMSIS/Include -I"C:/kisisel/embedded/udemy/freeRTOS/rtos_workspace/common/ThirdParty/FreeRTOS/include" -I"C:/kisisel/embedded/udemy/freeRTOS/rtos_workspace/common/ThirdParty/FreeRTOS/portable/GCC/ARM_CM4F" -I"C:/kisisel/embedded/udemy/freeRTOS/rtos_workspace/common/ThirdParty/SEGGER/Config" -I"C:/kisisel/embedded/udemy/freeRTOS/rtos_workspace/common/ThirdParty/SEGGER/OS" -I"C:/kisisel/embedded/udemy/freeRTOS/rtos_workspace/common/ThirdParty/SEGGER/SEGGER" -O0 -ffunction-sections -fdata-sections -Wall -fstack-usage -fcyclomatic-complexity -MMD -MP -MF"Core/Src/main.d" -MT"Core/Src/main.o" --specs=nano.specs -mfpu=fpv4-sp-d16 -mfloat-abi=hard -mthumb -o "Core/Src/main.o"
arm-none-eabi-gcc "../Core/Src/stm32f4xx_hal_msp.c" -mcpu=cortex-m4 -std=gnu11 -g3 -DDEBUG -DUSE_HAL_DRIVER -DSTM32F407xx -c -I../Core/Inc -I../Drivers/STM32F4xx_HAL_Driver/Inc -I../Drivers/STM32F4xx_HAL_Driver/Inc/Legacy -I../Drivers/CMSIS/Device/ST/STM32F4xx/Include -I../Drivers/CMSIS/Include -I"C:/kisisel/embedded/udemy/freeRTOS/rtos_workspace/common/ThirdParty/FreeRTOS/include" -I"C:/kisisel/embedded/udemy/freeRTOS/rtos_workspace/common/ThirdParty/FreeRTOS/portable/GCC/ARM_CM4F" -I"C:/kisisel/embedded/udemy/freeRTOS/rtos_workspace/common/ThirdParty/SEGGER/Config" -I"C:/kisisel/embedded/udemy/freeRTOS/rtos_workspace/common/ThirdParty/SEGGER/OS" -I"C:/kisisel/embedded/udemy/freeRTOS/rtos_workspace/common/ThirdParty/SEGGER/SEGGER" -O0 -ffunction-sections -fdata-sections -Wall -fstack-usage -fcyclomatic-complexity -MMD -MP -MF"Core/Src/stm32f4xx_hal_msp.d" -MT"Core/Src/stm32f4xx_hal_msp.o" --specs=nano.specs -mfpu=fpv4-sp-d16 -mfloat-abi=hard -mthumb -o "Core/Src/stm32f4xx_hal_msp.o"
arm-none-eabi-gcc "../Core/Src/stm32f4xx_it.c" -mcpu=cortex-m4 -std=gnu11 -g3 -DDEBUG -DUSE_HAL_DRIVER -DSTM32F407xx -c -I../Core/Inc -I../Drivers/STM32F4xx_HAL_Driver/Inc -I../Drivers/STM32F4xx_HAL_Driver/Inc/Legacy -I../Drivers/CMSIS/Device/ST/STM32F4xx/Include -I../Drivers/CMSIS/Include -I"C:/kisisel/embedded/udemy/freeRTOS/rtos_workspace/common/ThirdParty/FreeRTOS/include" -I"C:/kisisel/embedded/udemy/freeRTOS/rtos_workspace/common/ThirdParty/FreeRTOS/portable/GCC/ARM_CM4F" -I"C:/kisisel/embedded/udemy/freeRTOS/rtos_workspace/common/ThirdParty/SEGGER/Config" -I"C:/kisisel/embedded/udemy/freeRTOS/rtos_workspace/common/ThirdParty/SEGGER/OS" -I"C:/kisisel/embedded/udemy/freeRTOS/rtos_workspace/common/ThirdParty/SEGGER/SEGGER" -O0 -ffunction-sections -fdata-sections -Wall -fstack-usage -fcyclomatic-complexity -MMD -MP -MF"Core/Src/stm32f4xx_it.d" -MT"Core/Src/stm32f4xx_it.o" --specs=nano.specs -mfpu=fpv4-sp-d16 -mfloat-abi=hard -mthumb -o "Core/Src/stm32f4xx_it.o"
arm-none-eabi-gcc -o "LED_Tasks.elf" @"objects.list"   -mcpu=cortex-m4 -T"C:\kisisel\embedded\udemy\freeRTOS\rtos_workspace\LED_Tasks\STM32F407VGTX_FLASH.ld" --specs=nosys.specs -Wl,-Map="LED_Tasks.map" -Wl,--gc-sections -static --specs=nano.specs -mfpu=fpv4-sp-d16 -mfloat-abi=hard -mthumb -Wl,--start-group -lc -lm -Wl,--end-group
Finished building target: LED_Tasks.elf
 
arm-none-eabi-size  LED_Tasks.elf 
arm-none-eabi-objdump -h -S LED_Tasks.elf  > "LED_Tasks.list"
   text	   data	    bss	    dec	    hex	filename
  23716	     24	  84504	 108244	  1a6d4	LED_Tasks.elf
Finished building: default.size.stdout
 
Finished building: LED_Tasks.list
 

15:37:07 Build Finished. 0 errors, 0 warnings. (took 1s.913ms)

