../Core/Src/led_effect.c:10:6:led_effect_stop	24	static
../Core/Src/led_effect.c:16:6:led_effect	32	static
../Core/Src/led_effect.c:22:6:turn_off_all_leds	8	static
../Core/Src/led_effect.c:30:6:turn_on_all_leds	8	static
../Core/Src/led_effect.c:38:6:turn_on_odd_leds	8	static
../Core/Src/led_effect.c:47:6:turn_on_even_leds	8	static
../Core/Src/led_effect.c:55:6:LED_control	24	static
../Core/Src/led_effect.c:61:6:LED_effect1	8	static
../Core/Src/led_effect.c:68:6:LED_effect2	8	static
../Core/Src/led_effect.c:74:6:LED_effect3	8	static
../Core/Src/led_effect.c:81:6:LED_effect4	8	static
