../Core/Src/main.c:91:5:main	32	static,ignoring_inline_asm
../Core/Src/main.c:165:6:SystemClock_Config	88	static
../Core/Src/main.c:212:13:MX_USART2_UART_Init	8	static
../Core/Src/main.c:245:13:MX_GPIO_Init	56	static
../Core/Src/main.c:385:6:vManagerTask	24	static,ignoring_inline_asm
../Core/Src/main.c:420:6:EmployeeDoWork	16	static
../Core/Src/main.c:428:13:vEmployeeTask	24	static
../Core/Src/main.c:456:6:printmsg	16	static
../Core/Src/main.c:471:6:HAL_TIM_PeriodElapsedCallback	16	static
../Core/Src/main.c:489:6:Error_Handler	4	static,ignoring_inline_asm
